../../LunarGLASS/test/depthOut.frag
Warning, version 130 is not yet complete; most features are present, but a few are missing.
WARNING: 0:3: varying deprecated in version 130; may be removed in future release
WARNING: 0:4: varying deprecated in version 130; may be removed in future release

0:? Sequence
0:8  Function Definition: main( (void)
0:8    Function Parameters: 
0:10    Sequence
0:10      move second child to first child (float)
0:10        'gl_FragDepth' (gl_FragDepth float)
0:10        'Depth' (smooth in float)
0:11      move second child to first child (4-component vector of float)
0:11        'gl_FragColor' (fragColor 4-component vector of float)
0:11        'Color' (smooth in 4-component vector of float)
0:12      move second child to first child (4-component vector of float)
0:12        'foo' (out 4-component vector of float)
0:12        'Color' (smooth in 4-component vector of float)
0:?   Linker Objects
0:?     'Color' (smooth in 4-component vector of float)
0:?     'Depth' (smooth in float)
0:?     'foo' (out 4-component vector of float)


Linked fragment stage:

ERROR: Linking fragment stage: Cannot use gl_FragColor or gl_FragData when using user-defined outputs


