../../LunarGLASS/test/doWhileLoop.frag

0:? Sequence
0:7  Function Definition: main( (void)
0:7    Function Parameters: 
0:9    Sequence
0:9      Sequence
0:9        move second child to first child (4-component vector of float)
0:9          'color' (4-component vector of float)
0:9          'BaseColor' (smooth in 4-component vector of float)
0:13      Loop with condition not tested first
0:13        Loop Condition
0:13        Compare Less Than (bool)
0:13          direct index (float)
0:13            'color' (4-component vector of float)
0:13            Constant:
0:13              0 (const int)
0:13          'd' (uniform float)
0:13        Loop Body
0:12        Sequence
0:12          add second child into first child (4-component vector of float)
0:12            'color' (4-component vector of float)
0:12            'bigColor' (uniform 4-component vector of float)
0:15      move second child to first child (4-component vector of float)
0:15        'gl_FragColor' (fragColor 4-component vector of float)
0:15        'color' (4-component vector of float)
0:?   Linker Objects
0:?     'bigColor' (uniform 4-component vector of float)
0:?     'BaseColor' (smooth in 4-component vector of float)
0:?     'd' (uniform float)


Linked fragment stage:



